<html>
<body>
<pre>
<h1>µVision Build Log</h1>
<h2>Project:</h2>
C:\Aryan\BTechCollege\GithubCodes\AutoSpeedTracker\SpeedometerProjectFiles\autospeedtracker.uvproj
Project File Date:  06/07/2025

<h2>Output:</h2>
Build target 'Target 1'
compiling speed_tracker.c...
linking...
Program Size: Code=7832 RO-data=412 RW-data=24 ZI-data=608  
".\autospeedtracker.axf" - 0 Error(s), 0 Warning(s).
</pre>
</body>
</html>
error
".\autospeedtracker.axf" - 1 Error(s), 0 Warning(s).
Target not created
dtracker.axf" - 2 Error(s), 0 Warning(s).
Target not created
ed int i=0; i<ms*(SystemCoreClock/3000); i++);
speed_tracker.c(77): error:  #20: identifier "i" is undefined
      for(unsigned int i=0; i<ms*(SystemCoreClock/3000); i++);
speed_tracker.c(83): error:  #29: expected an expression
      for(int i=0; i<3; i++) {
speed_tracker.c(83): error:  #20: identifier "i" is undefined
      for(int i=0; i<3; i++) {
speed_tracker.c: 0 warnings, 5 errors
".\autospeedtracker.axf" - 5 Error(s), 0 Warning(s).
Target not created
